[     691ms] [INFO] %cDownload the React DevTools for a better development experience: https://react.dev/link/react-devtools font-weight:bold @ http://localhost:3000/_next/static/chunks/00zq_next_dist_08wvll-._.js:2431
[     704ms] [LOG] [HMR] connected @ http://localhost:3000/_next/static/chunks/00zq_next_dist_08wvll-._.js:2431
[     777ms] [ERROR] Failed to load resource: the server responded with a status of 401 (Unauthorized) @ http://localhost:3000/api/prefs/get:0
[     819ms] [LOG] [Fast Refresh] rebuilding @ http://localhost:3000/_next/static/chunks/00zq_next_dist_08wvll-._.js:2431
[     945ms] [WARNING] Clerk: Clerk has been loaded with development keys. Development instances have strict usage limits and should not be used when deploying your application to production. Learn more: https://clerk.com/docs/deployments/overview @ http://localhost:3000/_next/static/chunks/00zq_next_dist_08wvll-._.js:2431
[    1038ms] [LOG] [Fast Refresh] done in 326ms @ http://localhost:3000/_next/static/chunks/00zq_next_dist_08wvll-._.js:2431
[    1349ms] [VERBOSE] [DOM] Input elements should have autocomplete attributes (suggested: "current-password"): (More info: https://goo.gl/9p2vKq) %o @ http://localhost:3000/sign-in:0
[    4452ms] [WARNING] The resource http://localhost:3000/flinttype-logo.svg was preloaded using link preload but not used within a few seconds from the window's load event. Please make sure it has an appropriate `as` value and it is preloaded intentionally. @ http://localhost:3000/sign-in:0
[   72393ms] [LOG] [Fast Refresh] rebuilding @ http://localhost:3000/_next/static/chunks/00zq_next_dist_08wvll-._.js:2431
[   72505ms] [LOG] [Fast Refresh] done in 218ms @ http://localhost:3000/_next/static/chunks/00zq_next_dist_08wvll-._.js:2431
[   75005ms] [LOG] [Fast Refresh] rebuilding @ http://localhost:3000/_next/static/chunks/00zq_next_dist_08wvll-._.js:2431
[   75048ms] [LOG] [Fast Refresh] done in 149ms @ http://localhost:3000/_next/static/chunks/00zq_next_dist_08wvll-._.js:2431
[   86294ms] [LOG] [Fast Refresh] rebuilding @ http://localhost:3000/_next/static/chunks/00zq_next_dist_08wvll-._.js:2431
[   86561ms] [LOG] [Fast Refresh] done in 340ms @ http://localhost:3000/_next/static/chunks/00zq_next_dist_08wvll-._.js:2431
[   89551ms] [WARNING] The resource http://localhost:3000/flinttype-logo.svg was preloaded using link preload but not used within a few seconds from the window's load event. Please make sure it has an appropriate `as` value and it is preloaded intentionally. @ http://localhost:3000/sign-in:0
[  109351ms] [LOG] [Fast Refresh] rebuilding @ http://localhost:3000/_next/static/chunks/00zq_next_dist_08wvll-._.js:2431
[  109391ms] [LOG] [Fast Refresh] done in 150ms @ http://localhost:3000/_next/static/chunks/00zq_next_dist_08wvll-._.js:2431
[  118381ms] [LOG] [Fast Refresh] rebuilding @ http://localhost:3000/_next/static/chunks/00zq_next_dist_08wvll-._.js:2431
[  118648ms] [LOG] [Fast Refresh] done in 344ms @ http://localhost:3000/_next/static/chunks/00zq_next_dist_08wvll-._.js:2431
[  121639ms] [WARNING] The resource http://localhost:3000/flinttype-logo.svg was preloaded using link preload but not used within a few seconds from the window's load event. Please make sure it has an appropriate `as` value and it is preloaded intentionally. @ http://localhost:3000/sign-in:0
[  146344ms] [LOG] [Fast Refresh] rebuilding @ http://localhost:3000/_next/static/chunks/00zq_next_dist_08wvll-._.js:2431
[  147026ms] [LOG] [Fast Refresh] done in 783ms @ http://localhost:3000/_next/static/chunks/00zq_next_dist_08wvll-._.js:2431
[  147240ms] [LOG] [Fast Refresh] rebuilding @ http://localhost:3000/_next/static/chunks/00zq_next_dist_08wvll-._.js:2431
[  147278ms] [LOG] [Fast Refresh] done in 148ms @ http://localhost:3000/_next/static/chunks/00zq_next_dist_08wvll-._.js:2431
[  147475ms] [LOG] [Fast Refresh] rebuilding @ http://localhost:3000/_next/static/chunks/00zq_next_dist_08wvll-._.js:2431
[  147592ms] [LOG] [Fast Refresh] done in 218ms @ http://localhost:3000/_next/static/chunks/00zq_next_dist_08wvll-._.js:2431
[  151061ms] [WARNING] The resource http://localhost:3000/flinttype-logo.svg was preloaded using link preload but not used within a few seconds from the window's load event. Please make sure it has an appropriate `as` value and it is preloaded intentionally. @ http://localhost:3000/sign-in:0
